/homes/ugrad/billlipeng/ECEN449/lab8/implementation/system.ngc 1385436586
/homes/ugrad/billlipeng/ECEN449/lab8/implementation/microblaze_0_wrapper.ngc 1385436487
/homes/ugrad/billlipeng/ECEN449/lab8/implementation/mb_plb_wrapper.ngc 1385436487
/homes/ugrad/billlipeng/ECEN449/lab8/implementation/ilmb_wrapper.ngc 1385436487
/homes/ugrad/billlipeng/ECEN449/lab8/implementation/dlmb_wrapper.ngc 1385436487
/homes/ugrad/billlipeng/ECEN449/lab8/implementation/dlmb_cntlr_wrapper.ngc 1385436487
/homes/ugrad/billlipeng/ECEN449/lab8/implementation/ilmb_cntlr_wrapper.ngc 1385436487
/homes/ugrad/billlipeng/ECEN449/lab8/implementation/lmb_bram_wrapper.ngc 1385436487
/homes/ugrad/billlipeng/ECEN449/lab8/implementation/rs232_uart_1_wrapper.ngc 1385436487
/homes/ugrad/billlipeng/ECEN449/lab8/implementation/ddr2_sdram_wrapper.ngc 1385436487
/homes/ugrad/billlipeng/ECEN449/lab8/implementation/sysace_compactflash_wrapper.ngc 1385436487
/homes/ugrad/billlipeng/ECEN449/lab8/implementation/clock_generator_0_wrapper.ngc 1385436487
/homes/ugrad/billlipeng/ECEN449/lab8/implementation/debug_module_wrapper.ngc 1385436487
/homes/ugrad/billlipeng/ECEN449/lab8/implementation/proc_sys_reset_0_wrapper.ngc 1385436487
/homes/ugrad/billlipeng/ECEN449/lab8/implementation/xps_intc_0_wrapper.ngc 1385436539
/homes/ugrad/billlipeng/ECEN449/lab8/implementation/xps_timer_0_wrapper.ngc 1385436487
/homes/ugrad/billlipeng/ECEN449/lab8/implementation/multiply_0_wrapper.ngc 1385436514
/homes/ugrad/billlipeng/ECEN449/lab8/implementation/ir_demod_0_wrapper.ngc 1385436525
/homes/ugrad/billlipeng/ECEN449/lab8/implementation/opb_v20_0_wrapper.ngc 1385436487
/homes/ugrad/billlipeng/ECEN449/lab8/implementation/plbv46_opb_bridge_0_wrapper.ngc 1385436487
/homes/ugrad/billlipeng/ECEN449/lab8/implementation/opb_ac97_controller_ref_0_wrapper.ngc 1385436540
OK
